// Jest Snapshot v1, https://goo.gl/fbAQLP

exports[`getControllerMetaData should return default meta data for GraphQL controllers 1`] = `
Object {
  "filters": Array [],
  "guards": Array [],
  "headers": Object {},
  "metaData": Object {},
}
`;

exports[`getControllerMetaData should return default meta data for Rest controllers 1`] = `
Object {
  "filters": Array [],
  "guards": Array [],
  "headers": Object {},
  "metaData": Object {},
}
`;
